-----------------------------------------------
  Element       SASA      Sigma Z        Total
     Z         Ang**2 cal/Ang**2/mol   kcal/mol
-----------------------------------------------
      H         29.653      48.690       1.444
      O         26.093       0.000       0.000

 Subtotal:      55.745                   1.444
 -----------------------------------------------

  Elements    COT*SASA   Sigma Z,Z'     Total
    Z,Z'       Ang**2  cal/Ang**2/mol kcal/mol
 ----------------------------------------------
  H   O         21.146       0.000       0.000

 Subtotal:                               0.000
 ----------------------------------------------

 NONAQUEOUS SOLVENT CONTRIBUTION (kcal/mol):
 (proportional to SASA, atomic number independent)
 ----------------------------------------------
 Subtotal:                               0.000
 ----------------------------------------------

 CDS TOTAL (kcal/mol):                   1.444
...............................................................................
