      -----------------------------------------------------------      
     |                   =====================                   |     
     |                           x T B                           |     
     |                   =====================                   |     
     |                         S. Grimme                         |     
     |          Mulliken Center for Theoretical Chemistry        |     
     |                    University of Bonn                     |     
      -----------------------------------------------------------      

   * xtb version 6.7.1 (edcfbbe) compiled by 'runner@Mac-1744399582752.local' on 2025-04-11

   xtb is free software: you can redistribute it and/or modify it under
   the terms of the GNU Lesser General Public License as published by
   the Free Software Foundation, either version 3 of the License, or
   (at your option) any later version.
   
   xtb is distributed in the hope that it will be useful,
   but WITHOUT ANY WARRANTY; without even the implied warranty of
   MERCHANTABILITY or FITNESS FOR A PARTICULAR PURPOSE.  See the
   GNU Lesser General Public License for more details.
   
   Cite this work as:
   * C. Bannwarth, E. Caldeweyher, S. Ehlert, A. Hansen, P. Pracht,
     J. Seibert, S. Spicher, S. Grimme, WIREs Comput. Mol. Sci., 2020, 11,
     e01493. DOI: 10.1002/wcms.1493
   
   for GFN2-xTB:
   * C. Bannwarth, S. Ehlert and S. Grimme., J. Chem. Theory Comput., 2019,
     15, 1652-1671. DOI: 10.1021/acs.jctc.8b01176
   for GFN1-xTB:
   * S. Grimme, C. Bannwarth, P. Shushkov, J. Chem. Theory Comput., 2017,
     13, 1989-2009. DOI: 10.1021/acs.jctc.7b00118
   for GFN0-xTB:
   * P. Pracht, E. Caldeweyher, S. Ehlert, S. Grimme, ChemRxiv, 2019, preprint.
     DOI: 10.26434/chemrxiv.8326202.v1
   for GFN-FF:
   * S. Spicher and S. Grimme, Angew. Chem. Int. Ed., 2020, 59, 15665-15673.
     DOI: 10.1002/anie.202004239
   
   for ALPB and GBSA implicit solvation:
   * S. Ehlert, M. Stahn, S. Spicher, S. Grimme, J. Chem. Theory Comput.,
     2021, 17, 4250-4261. DOI: 10.1021/acs.jctc.1c00471
   
   for ddCOSMO and CPCM-X implicit solvation:
   * M. Stahn, S. Ehlert, S. Grimme, J. Phys. Chem. A,
     2023, XX, XXXX-XXXX. DOI: 10.1021/acs.jpca.3c04382
   
   for DFT-D4:
   * E. Caldeweyher, C. Bannwarth and S. Grimme, J. Chem. Phys., 2017,
     147, 034112. DOI: 10.1063/1.4993215
   * E. Caldeweyher, S. Ehlert, A. Hansen, H. Neugebauer, S. Spicher,
     C. Bannwarth and S. Grimme, J. Chem. Phys., 2019, 150, 154122.
     DOI: 10.1063/1.5090222
   * E. Caldeweyher, J.-M. Mewes, S. Ehlert and S. Grimme, Phys. Chem. Chem. Phys.
     2020, 22, 8499-8512. DOI: 10.1039/D0CP00502A
   
   for sTDA-xTB:
   * S. Grimme and C. Bannwarth, J. Chem. Phys., 2016, 145, 054103.
     DOI: 10.1063/1.4959605
   
   in the mass-spec context:
   * V. Asgeirsson, C. Bauer and S. Grimme, Chem. Sci., 2017, 8, 4879.
     DOI: 10.1039/c7sc00601b
   * J. Koopman and S. Grimme, ACS Omega 2019, 4, 12, 15120-15133.
     DOI: 10.1021/acsomega.9b02011
   
   for metadynamics refer to:
   * S. Grimme, J. Chem. Theory Comput., 2019, 155, 2847-2862
     DOI: 10.1021/acs.jctc.9b00143
   
   for SPH calculations refer to:
   * S. Spicher and S. Grimme, J. Chem. Theory Comput., 2021, 17, 1701-1714
     DOI: 10.1021/acs.jctc.0c01306
   
   for ONIOM refer to:
   * C. Plett, A. Katbashev, S. Ehlert, S. Grimme, M. Bursch,
     Phys. Chem. Chem. Phys., 2023, 25, 17860-17868. DOI: 10.1039/D3CP02178E
   
   for DIPRO refer to:
   * J. Kohn, N. Gildemeister, S. Grimme, D. Fazzi, A. Hansen,
     J. Chem. Phys., 2023, just accepted.
   
   for PTB refer to:
   * S. Grimme, M. Mueller, A. Hansen, J. Chem. Phys., 2023, 158, 124111.
     DOI: 10.1063/5.0137838
   
   with help from (in alphabetical order)
   P. Atkinson, C. Bannwarth, F. Bohle, G. Brandenburg, E. Caldeweyher
   M. Checinski, S. Dohm, S. Ehlert, S. Ehrlich, I. Gerasimov, C. Hölzer
   A. Katbashev, J. Kohn, J. Koopman, C. Lavigne, S. Lehtola, F. März, M. Müller,
   F. Musil, H. Neugebauer, J. Pisarek, C. Plett, P. Pracht, F. Pultar,
   J. Seibert, P. Shushkov, S. Spicher, M. Stahn, M. Steiner, T. Strunk,
   J. Stückrath, T. Rose, and J. Unsleber
   
 * started run on 2025/05/30 at 21:06:20.767     
   ID    Z sym.   atoms
    1    7 N      1
    2    6 C      2-6
    3    1 H      7-11

           -------------------------------------------------
          |                Calculation Setup                |
           -------------------------------------------------

          program call               : xtb xtbopt.xyz --vomega
          coordinate file            : xtbopt.xyz
          omp threads                :                    11


           -------------------------------------------------
          |                 G F N 1 - x T B                 |
           -------------------------------------------------

        Reference                      10.1021/acs.jctc.7b00118
      * Hamiltonian:
        H0-scaling (s, p, d)           1.850000    2.250000    2.000000
        zeta-weighting                 0.000000
      * Dispersion:
        s8                             2.400000
        a1                             0.630000
        a2                             5.000000
        s9                             0.000000
      * Repulsion:
        kExp                           1.500000
        rExp                           1.000000
      * Coulomb:
        alpha                          2.000000
        third order                    atomic
        anisotropic                    false
      * Halogen bond correction:
        rad-scale                      1.300000
        damping                        0.440000


          ...................................................
          :                      SETUP                      :
          :.................................................:
          :  # basis functions                  34          :
          :  # atomic orbitals                  34          :
          :  # shells                           22          :
          :  # electrons                        30          :
          :  # halogen bonds                     0          :
          :  max. iterations                   250          :
          :  Hamiltonian                  GFN1-xTB          :
          :  restarted?                      false          :
          :  GBSA solvation                  false          :
          :  PC potential                    false          :
          :  electronic temp.          300.0000000     K    :
          :  accuracy                    1.0000000          :
          :  -> integral cutoff          0.2500000E+02      :
          :  -> integral neglect         0.1000000E-07      :
          :  -> SCF convergence          0.1000000E-05 Eh   :
          :  -> wf. convergence          0.2000000E-04 e    :
          :  Broyden damping             0.4000000          :
          :  net charge                          0          :
          :  unpaired electrons                  0          :
          ...................................................

 iter      E             dE          RMSdq      gap      omega  full diag
   1    -16.6719788 -0.166720E+02  0.931E+00    3.85       0.0  T
   2    -16.6911318 -0.191530E-01  0.558E+00    3.77       1.0  T
   3    -16.6914871 -0.355276E-03  0.459E-01    3.70       1.0  T
   4    -16.6923165 -0.829427E-03  0.907E-02    3.75       1.0  T
   5    -16.6923962 -0.796789E-04  0.172E-02    3.73       1.8  T
   6    -16.6924011 -0.484474E-05  0.836E-04    3.74      36.1  T
   7    -16.6924011 -0.313339E-08  0.279E-04    3.74     108.0  T
   8    -16.6924011 -0.293841E-09  0.466E-05    3.74     647.3  T
   9    -16.6924011 -0.380496E-11  0.125E-05    3.74    2417.0  T

   *** convergence criteria satisfied after 9 iterations ***

         #    Occupation            Energy/Eh            Energy/eV
      -------------------------------------------------------------
         1        2.0000           -0.7582925             -20.6342
       ...           ...                  ...                  ...
         9        2.0000           -0.5284329             -14.3794
        10        2.0000           -0.5261558             -14.3174
        11        2.0000           -0.5131128             -13.9625
        12        2.0000           -0.4772115             -12.9856
        13        2.0000           -0.4579141             -12.4605
        14        2.0000           -0.4439908             -12.0816
        15        2.0000           -0.4152687             -11.3000 (HOMO)
        16                         -0.2777870              -7.5590 (LUMO)
        17                         -0.2654820              -7.2241
        18                         -0.1463362              -3.9820
        19                         -0.1083082              -2.9472
        20                         -0.1075496              -2.9266
       ...                                ...                  ...
        34                          0.6623793              18.0243
      -------------------------------------------------------------
                  HL-Gap            0.1374817 Eh            3.7411 eV
             Fermi-level           -0.3465279 Eh           -9.4295 eV

 SCC (total)                   0 d,  0 h,  0 min,  0.012 sec
 SCC setup                      ...        0 min,  0.000 sec (  3.228%)
 Dispersion                     ...        0 min,  0.000 sec (  0.878%)
 classical contributions        ...        0 min,  0.000 sec (  1.997%)
 integral evaluation            ...        0 min,  0.001 sec (  5.590%)
 iterations                     ...        0 min,  0.010 sec ( 83.885%)
 molecular gradient             ...        0 min,  0.000 sec (  3.591%)
 printout                       ...        0 min,  0.000 sec (  0.764%)

         :::::::::::::::::::::::::::::::::::::::::::::::::::::
         ::                     SUMMARY                     ::
         :::::::::::::::::::::::::::::::::::::::::::::::::::::
         :: total energy             -16.422111282239 Eh    ::
         :: gradient norm              0.014133532595 Eh/a0 ::
         :: HOMO-LUMO gap              3.741067763009 eV    ::
         ::.................................................::
         :: SCC energy               -16.692401072638 Eh    ::
         :: -> electrostatic           0.015014352320 Eh    ::
         :: repulsion energy           0.274460317792 Eh    ::
         :: dispersion energy         -0.004170527393 Eh    ::
         :: halogen bond corr.         0.000000000000 Eh    ::
         :: add. restraining           0.000000000000 Eh    ::
         :: total charge              -0.000000000000 e     ::
         :::::::::::::::::::::::::::::::::::::::::::::::::::::

           ------------------------------------------------- 
          |        vertical delta SCC IP calculation        |
           ------------------------------------------------- 

 iter      E             dE          RMSdq      gap      omega  full diag
   1    -16.1074828 -0.161075E+02  0.180E+00    3.74       0.0  T
   2    -16.1293407 -0.218580E-01  0.117E+00    4.08       1.0  T
   3    -16.1488469 -0.195062E-01  0.562E-01    3.91       1.0  T
   4    -16.1500310 -0.118409E-02  0.285E-01    3.94       1.0  T
   5    -16.1500239  0.714921E-05  0.422E-02    3.92       1.0  T
   6    -16.1500597 -0.358134E-04  0.388E-03    3.93       7.8  T
   7    -16.1500597 -0.677607E-07  0.269E-03    3.93      11.2  T
   8    -16.1500597  0.194344E-07  0.163E-03    3.93      18.5  T
   9    -16.1500598 -0.363537E-07  0.368E-04    3.93      81.8  T
  10    -16.1500598 -0.728885E-09  0.362E-05    3.93     833.7  T
  11    -16.1500598 -0.125127E-10  0.737E-06    3.93    4092.0  T
     SCC iter.                  ...        0 min,  0.010 sec
     gradient                   ...        0 min,  0.001 sec
------------------------------------------------------------------------
empirical IP shift (eV):    4.8455
delta SCC IP (eV):    9.9124
------------------------------------------------------------------------
           ------------------------------------------------- 
          |        vertical delta SCC EA calculation        |
           ------------------------------------------------- 

 iter      E             dE          RMSdq      gap      omega  full diag
   1    -16.7724870 -0.167725E+02  0.271E+00    0.56       0.0  T
   2    -16.8383263 -0.658393E-01  0.143E+00    0.15       1.0  T
   3    -16.8443415 -0.601524E-02  0.904E-01    0.10       1.0  T
   4    -16.8459680 -0.162649E-02  0.518E-01    0.13       1.0  T
   5    -16.8462410 -0.272997E-03  0.690E-02    0.10       1.0  T
   6    -16.8462701 -0.290249E-04  0.315E-02    0.12       1.0  T
   7    -16.8462765 -0.646311E-05  0.115E-02    0.11       2.6  T
   8    -16.8462763  0.243871E-06  0.130E-02    0.11       2.3  T
   9    -16.8462770 -0.712400E-06  0.677E-03    0.11       4.5  T
  10    -16.8462773 -0.267019E-06  0.663E-04    0.11      45.5  T
  11    -16.8462773 -0.320532E-08  0.560E-05    0.11     538.5  T
  12    -16.8462773 -0.191811E-10  0.156E-05    0.11    1936.3  T
     SCC iter.                  ...        0 min,  0.012 sec
     gradient                   ...        0 min,  0.001 sec
------------------------------------------------------------------------
empirical EA shift (eV):    4.8455
delta SCC EA (eV):   -0.6583
------------------------------------------------------------------------

------------------------------------------------------------------------
Calculation of global electrophilicity index (IP+EA)²/(8·(IP-EA))
Global electrophilicity index (eV):    1.0127
------------------------------------------------------------------------
           -------------------------------------------------
          |                Property Printout                |
           -------------------------------------------------

    * Orbital Energies and Occupations

         #    Occupation            Energy/Eh            Energy/eV
      -------------------------------------------------------------
         1        2.0000           -0.5099932             -13.8776
       ...           ...                  ...                  ...
         4        2.0000           -0.3902944             -10.6204
         5        2.0000           -0.3896649             -10.6033
         6        2.0000           -0.3577404              -9.7346
         7        2.0000           -0.3277383              -8.9182
         8        2.0000           -0.3080329              -8.3820
         9        2.0000           -0.2995781              -8.1519
        10        2.0000           -0.2823322              -7.6827
        11        2.0000           -0.2766556              -7.5282
        12        2.0000           -0.2463645              -6.7039
        13        2.0000           -0.2107208              -5.7340
        14        2.0000           -0.2048794              -5.5751
        15        2.0000           -0.1689791              -4.5982
        16        0.9005           -0.0304531              -0.8287 (HOMO)
        17        0.0995           -0.0262683              -0.7148 (LUMO)
        18                          0.0951248               2.5885
        19                          0.0967098               2.6316
        20                          0.1007655               2.7420
        21                          0.1104274               3.0049
        22                          0.1139779               3.1015
        23                          0.1325280               3.6063
        24                          0.4400363              11.9740
        25                          0.4422716              12.0348
        26                          0.4602408              12.5238
        27                          0.4791259              13.0377
       ...                                ...                  ...
        34                          0.8987886              24.4573
      -------------------------------------------------------------
                  HL-Gap            0.0041848 Eh            0.1139 eV
             Fermi-level           -0.0640384 Eh           -1.7426 eV

  Mulliken/CM5 charges         n(s)   n(p)   n(d)
     1N    -0.51488 -0.71521   1.524  3.991  0.000
     2C    -0.15640 -0.21033   1.007  3.149  0.000
     3C    -0.11729 -0.16784   1.038  3.080  0.000
     4C    -0.11729 -0.16784   1.038  3.080  0.000
     5C     0.08516  0.11085   0.994  2.921  0.000
     6C     0.08517  0.11088   0.994  2.921  0.000
     7H    -0.04936  0.00696   1.049  0.000  0.000
     8H    -0.04452  0.01226   1.045  0.000  0.000
     9H    -0.04453  0.01226   1.045  0.000  0.000
    10H    -0.06302  0.00402   1.063  0.000  0.000
    11H    -0.06304  0.00399   1.063  0.000  0.000

Wiberg/Mayer (AO) data.
largest (>0.10) Wiberg bond orders for each atom

 ---------------------------------------------------------------------------
     #   Z sym  total        # sym  WBO       # sym  WBO       # sym  WBO
 ---------------------------------------------------------------------------
     1   7 N    2.815 --     5 C    1.269     6 C    1.269
     2   6 C    3.774 --     3 C    1.292     4 C    1.292     7 H    0.975
     3   6 C    3.918 --     5 C    1.503     2 C    1.292     8 H    0.977
     4   6 C    3.918 --     6 C    1.503     2 C    1.292     9 H    0.977
     5   6 C    3.897 --     3 C    1.503     1 N    1.269    10 H    0.974
     6   6 C    3.897 --     4 C    1.503     1 N    1.269    11 H    0.974
     7   1 H    1.006 --     2 C    0.975
     8   1 H    1.008 --     3 C    0.977
     9   1 H    1.008 --     4 C    0.977
    10   1 H    1.024 --     5 C    0.974
    11   1 H    1.024 --     6 C    0.974
 ---------------------------------------------------------------------------

Topologies differ in total number of bonds
Writing topology from bond orders to xtbtopo.mol

 dipole moment from electron density (au)
     X       Y       Z   
   0.6682   0.0002  -0.0000  total (Debye):    1.698


           -------------------------------------------------
          | TOTAL ENERGY              -16.575987464893 Eh   |
          | GRADIENT NORM               0.122921601494 Eh/α |
          | HOMO-LUMO GAP               0.113873741781 eV   |
           -------------------------------------------------

------------------------------------------------------------------------
 * finished run on 2025/05/30 at 21:06:20.817     
------------------------------------------------------------------------
 total:
 * wall-time:     0 d,  0 h,  0 min,  0.049 sec
 *  cpu-time:     0 d,  0 h,  0 min,  0.110 sec
 * ratio c/w:     2.236 speedup
 SCF:
 * wall-time:     0 d,  0 h,  0 min,  0.037 sec
 *  cpu-time:     0 d,  0 h,  0 min,  0.103 sec
 * ratio c/w:     2.809 speedup

