      -----------------------------------------------------------      
     |                   =====================                   |     
     |                           x T B                           |     
     |                   =====================                   |     
     |                         S. Grimme                         |     
     |          Mulliken Center for Theoretical Chemistry        |     
     |                    University of Bonn                     |     
      -----------------------------------------------------------      

   * xtb version 6.7.1 (edcfbbe) compiled by 'runner@Mac-1744399582752.local' on 2025-04-11

   xtb is free software: you can redistribute it and/or modify it under
   the terms of the GNU Lesser General Public License as published by
   the Free Software Foundation, either version 3 of the License, or
   (at your option) any later version.
   
   xtb is distributed in the hope that it will be useful,
   but WITHOUT ANY WARRANTY; without even the implied warranty of
   MERCHANTABILITY or FITNESS FOR A PARTICULAR PURPOSE.  See the
   GNU Lesser General Public License for more details.
   
   Cite this work as:
   * C. Bannwarth, E. Caldeweyher, S. Ehlert, A. Hansen, P. Pracht,
     J. Seibert, S. Spicher, S. Grimme, WIREs Comput. Mol. Sci., 2020, 11,
     e01493. DOI: 10.1002/wcms.1493
   
   for GFN2-xTB:
   * C. Bannwarth, S. Ehlert and S. Grimme., J. Chem. Theory Comput., 2019,
     15, 1652-1671. DOI: 10.1021/acs.jctc.8b01176
   for GFN1-xTB:
   * S. Grimme, C. Bannwarth, P. Shushkov, J. Chem. Theory Comput., 2017,
     13, 1989-2009. DOI: 10.1021/acs.jctc.7b00118
   for GFN0-xTB:
   * P. Pracht, E. Caldeweyher, S. Ehlert, S. Grimme, ChemRxiv, 2019, preprint.
     DOI: 10.26434/chemrxiv.8326202.v1
   for GFN-FF:
   * S. Spicher and S. Grimme, Angew. Chem. Int. Ed., 2020, 59, 15665-15673.
     DOI: 10.1002/anie.202004239
   
   for ALPB and GBSA implicit solvation:
   * S. Ehlert, M. Stahn, S. Spicher, S. Grimme, J. Chem. Theory Comput.,
     2021, 17, 4250-4261. DOI: 10.1021/acs.jctc.1c00471
   
   for ddCOSMO and CPCM-X implicit solvation:
   * M. Stahn, S. Ehlert, S. Grimme, J. Phys. Chem. A,
     2023, XX, XXXX-XXXX. DOI: 10.1021/acs.jpca.3c04382
   
   for DFT-D4:
   * E. Caldeweyher, C. Bannwarth and S. Grimme, J. Chem. Phys., 2017,
     147, 034112. DOI: 10.1063/1.4993215
   * E. Caldeweyher, S. Ehlert, A. Hansen, H. Neugebauer, S. Spicher,
     C. Bannwarth and S. Grimme, J. Chem. Phys., 2019, 150, 154122.
     DOI: 10.1063/1.5090222
   * E. Caldeweyher, J.-M. Mewes, S. Ehlert and S. Grimme, Phys. Chem. Chem. Phys.
     2020, 22, 8499-8512. DOI: 10.1039/D0CP00502A
   
   for sTDA-xTB:
   * S. Grimme and C. Bannwarth, J. Chem. Phys., 2016, 145, 054103.
     DOI: 10.1063/1.4959605
   
   in the mass-spec context:
   * V. Asgeirsson, C. Bauer and S. Grimme, Chem. Sci., 2017, 8, 4879.
     DOI: 10.1039/c7sc00601b
   * J. Koopman and S. Grimme, ACS Omega 2019, 4, 12, 15120-15133.
     DOI: 10.1021/acsomega.9b02011
   
   for metadynamics refer to:
   * S. Grimme, J. Chem. Theory Comput., 2019, 155, 2847-2862
     DOI: 10.1021/acs.jctc.9b00143
   
   for SPH calculations refer to:
   * S. Spicher and S. Grimme, J. Chem. Theory Comput., 2021, 17, 1701-1714
     DOI: 10.1021/acs.jctc.0c01306
   
   for ONIOM refer to:
   * C. Plett, A. Katbashev, S. Ehlert, S. Grimme, M. Bursch,
     Phys. Chem. Chem. Phys., 2023, 25, 17860-17868. DOI: 10.1039/D3CP02178E
   
   for DIPRO refer to:
   * J. Kohn, N. Gildemeister, S. Grimme, D. Fazzi, A. Hansen,
     J. Chem. Phys., 2023, just accepted.
   
   for PTB refer to:
   * S. Grimme, M. Mueller, A. Hansen, J. Chem. Phys., 2023, 158, 124111.
     DOI: 10.1063/5.0137838
   
   with help from (in alphabetical order)
   P. Atkinson, C. Bannwarth, F. Bohle, G. Brandenburg, E. Caldeweyher
   M. Checinski, S. Dohm, S. Ehlert, S. Ehrlich, I. Gerasimov, C. Hölzer
   A. Katbashev, J. Kohn, J. Koopman, C. Lavigne, S. Lehtola, F. März, M. Müller,
   F. Musil, H. Neugebauer, J. Pisarek, C. Plett, P. Pracht, F. Pultar,
   J. Seibert, P. Shushkov, S. Spicher, M. Stahn, M. Steiner, T. Strunk,
   J. Stückrath, T. Rose, and J. Unsleber
   
 * started run on 2025/05/30 at 18:32:52.801     
   ID    Z sym.   atoms
    1    7 N      1
    2    6 C      2-6
    3    1 H      7-11

           -------------------------------------------------
          |                Calculation Setup                |
           -------------------------------------------------

          program call               : xtb xtbopt.xyz --vfukui
          coordinate file            : xtbopt.xyz
          omp threads                :                    11


           -------------------------------------------------
          |                 G F N 2 - x T B                 |
           -------------------------------------------------

        Reference                      10.1021/acs.jctc.8b01176
      * Hamiltonian:
        H0-scaling (s, p, d)           1.850000    2.230000    2.230000
        zeta-weighting                 0.500000
      * Dispersion:
        s8                             2.700000
        a1                             0.520000
        a2                             5.000000
        s9                             5.000000
      * Repulsion:
        kExp                           1.500000    1.000000
        rExp                           1.000000
      * Coulomb:
        alpha                          2.000000
        third order                    shell-resolved
        anisotropic                    true
        a3                             3.000000
        a5                             4.000000
        cn-shift                       1.200000
        cn-exp                         4.000000
        max-rad                        5.000000


          ...................................................
          :                      SETUP                      :
          :.................................................:
          :  # basis functions                  29          :
          :  # atomic orbitals                  29          :
          :  # shells                           17          :
          :  # electrons                        30          :
          :  max. iterations                   250          :
          :  Hamiltonian                  GFN2-xTB          :
          :  restarted?                      false          :
          :  GBSA solvation                  false          :
          :  PC potential                    false          :
          :  electronic temp.          300.0000000     K    :
          :  accuracy                    1.0000000          :
          :  -> integral cutoff          0.2500000E+02      :
          :  -> integral neglect         0.1000000E-07      :
          :  -> SCF convergence          0.1000000E-05 Eh   :
          :  -> wf. convergence          0.1000000E-03 e    :
          :  Broyden damping             0.4000000          :
          :  net charge                          0          :
          :  unpaired electrons                  0          :
          ...................................................

 iter      E             dE          RMSdq      gap      omega  full diag
   1    -16.4231712 -0.164232E+02  0.500E+00    3.60       0.0  T
   2    -16.4347054 -0.115341E-01  0.307E+00    3.46       1.0  T
   3    -16.4333826  0.132278E-02  0.714E-01    3.28       1.0  T
   4    -16.4353707 -0.198809E-02  0.260E-01    3.17       1.0  T
   5    -16.4359238 -0.553112E-03  0.726E-02    3.22       1.0  T
   6    -16.4359587 -0.348983E-04  0.269E-02    3.21       1.1  T
   7    -16.4359580  0.648029E-06  0.130E-02    3.21       2.3  T
   8    -16.4359590 -0.994292E-06  0.207E-03    3.21      14.6  T
   9    -16.4359590 -0.322950E-08  0.682E-04    3.21      44.2  T
  10    -16.4359590 -0.288025E-08  0.107E-04    3.21     282.5  T

   *** convergence criteria satisfied after 10 iterations ***

         #    Occupation            Energy/Eh            Energy/eV
      -------------------------------------------------------------
         1        2.0000           -0.6636477             -18.0588
       ...           ...                  ...                  ...
         9        2.0000           -0.5066633             -13.7870
        10        2.0000           -0.4886002             -13.2955
        11        2.0000           -0.4725765             -12.8595
        12        2.0000           -0.4400763             -11.9751
        13        2.0000           -0.4383036             -11.9268
        14        2.0000           -0.4190201             -11.4021
        15        2.0000           -0.3679344             -10.0120 (HOMO)
        16                         -0.2498971              -6.8000 (LUMO)
        17                         -0.2382961              -6.4844
        18                         -0.1115773              -3.0362
        19                          0.1150965               3.1319
        20                          0.1261998               3.4341
       ...                                ...                  ...
        29                          0.6168627              16.7857
      -------------------------------------------------------------
                  HL-Gap            0.1180373 Eh            3.2120 eV
             Fermi-level           -0.3089157 Eh           -8.4060 eV

 SCC (total)                   0 d,  0 h,  0 min,  0.012 sec
 SCC setup                      ...        0 min,  0.001 sec (  5.079%)
 Dispersion                     ...        0 min,  0.000 sec (  1.836%)
 classical contributions        ...        0 min,  0.000 sec (  1.854%)
 integral evaluation            ...        0 min,  0.001 sec (  4.617%)
 iterations                     ...        0 min,  0.010 sec ( 80.241%)
 molecular gradient             ...        0 min,  0.000 sec (  3.772%)
 printout                       ...        0 min,  0.000 sec (  2.531%)

         :::::::::::::::::::::::::::::::::::::::::::::::::::::
         ::                     SUMMARY                     ::
         :::::::::::::::::::::::::::::::::::::::::::::::::::::
         :: total energy             -16.150108254157 Eh    ::
         :: gradient norm              0.000498698684 Eh/a0 ::
         :: HOMO-LUMO gap              3.211959041276 eV    ::
         ::.................................................::
         :: SCC energy               -16.435954620559 Eh    ::
         :: -> isotropic ES            0.007055954645 Eh    ::
         :: -> anisotropic ES          0.002124967202 Eh    ::
         :: -> anisotropic XC          0.016710069430 Eh    ::
         :: -> dispersion             -0.007250802137 Eh    ::
         :: repulsion energy           0.285846366403 Eh    ::
         :: add. restraining           0.000000000000 Eh    ::
         :: total charge              -0.000000000000 e     ::
         :::::::::::::::::::::::::::::::::::::::::::::::::::::


Fukui index Calculation

Run single point for reduced species

 iter      E             dE          RMSdq      gap      omega  full diag
   1    -16.5285934 -0.165286E+02  0.244E+00    0.32       0.0  T
   2    -16.5322794 -0.368598E-02  0.247E+00    0.06       1.0  T
   3    -16.5532109 -0.209315E-01  0.173E+00    0.30       1.0  T
   4    -16.5589655 -0.575461E-02  0.103E+00    0.14       1.0  T
   5    -16.5586513  0.314173E-03  0.659E-01    0.03       1.0  T
   6    -16.5606845 -0.203322E-02  0.125E-01    0.07       1.0  T
   7    -16.5607879 -0.103323E-03  0.768E-02    0.07       1.0  T
   8    -16.5608109 -0.230614E-04  0.391E-02    0.07       1.0  T
   9    -16.5608178 -0.688140E-05  0.121E-02    0.07       2.5  T
  10    -16.5608182 -0.381327E-06  0.472E-03    0.07       6.4  T
  11    -16.5608183 -0.924417E-07  0.104E-03    0.07      29.1  T
  12    -16.5608183 -0.386569E-08  0.244E-04    0.07     123.8  T
  13    -16.5608183 -0.193033E-09  0.152E-04    0.07     198.5  T
     SCC iter.                  ...        0 min,  0.009 sec
     gradient                   ...        0 min,  0.000 sec

Run single point for oxidized species

 iter      E             dE          RMSdq      gap      omega  full diag
   1    -15.8765668 -0.158766E+02  0.265E+00    3.21       0.0  T
   2    -15.9015704 -0.250037E-01  0.167E+00    3.81       1.0  T
   3    -15.9286085 -0.270381E-01  0.110E+00    3.53       1.0  T
   4    -15.9355468 -0.693831E-02  0.523E-01    3.69       1.0  T
   5    -15.9355434  0.343108E-05  0.167E-01    3.70       1.0  T
   6    -15.9357676 -0.224250E-03  0.322E-02    3.72       1.0  T
   7    -15.9357686 -0.100030E-05  0.125E-02    3.72       2.4  T
   8    -15.9357692 -0.602544E-06  0.428E-03    3.72       7.0  T
   9    -15.9357693 -0.600544E-07  0.130E-03    3.72      23.3  T
  10    -15.9357693 -0.202505E-08  0.228E-04    3.72     132.5  T
  11    -15.9357693 -0.191051E-09  0.620E-05    3.72     486.2  T
     SCC iter.                  ...        0 min,  0.010 sec
     gradient                   ...        0 min,  0.000 sec

Fukui functions:
     #        f(+)     f(-)     f(0)
     1N       0.172    0.257    0.215
     2C       0.089    0.029    0.059
     3C       0.051    0.046    0.049
     4C       0.051    0.046    0.049
     5C       0.042    0.012    0.027
     6C       0.042    0.012    0.027
     7H       0.115    0.134    0.125
     8H       0.107    0.110    0.109
     9H       0.107    0.110    0.109
    10H       0.111    0.122    0.116
    11H       0.111    0.122    0.116
           -------------------------------------------------
          |                Property Printout                |
           -------------------------------------------------

    * Orbital Energies and Occupations

         #    Occupation            Energy/Eh            Energy/eV
      -------------------------------------------------------------
         1        2.0000           -0.6636477             -18.0588
       ...           ...                  ...                  ...
         3        2.0000           -0.6286173             -17.1055
         4        2.0000           -0.5912964             -16.0900
         5        2.0000           -0.5850376             -15.9197
         6        2.0000           -0.5412983             -14.7295
         7        2.0000           -0.5163170             -14.0497
         8        2.0000           -0.5069961             -13.7961
         9        2.0000           -0.5066633             -13.7870
        10        2.0000           -0.4886002             -13.2955
        11        2.0000           -0.4725765             -12.8595
        12        2.0000           -0.4400763             -11.9751
        13        2.0000           -0.4383036             -11.9268
        14        2.0000           -0.4190201             -11.4021
        15        2.0000           -0.3679344             -10.0120 (HOMO)
        16                         -0.2498971              -6.8000 (LUMO)
        17                         -0.2382961              -6.4844
        18                         -0.1115773              -3.0362
        19                          0.1150965               3.1319
        20                          0.1261998               3.4341
        21                          0.1570127               4.2725
        22                          0.1794985               4.8844
        23                          0.1803514               4.9076
        24                          0.3006757               8.1818
        25                          0.3890625              10.5869
        26                          0.4194043              11.4126
       ...                                ...                  ...
        29                          0.6168627              16.7857
      -------------------------------------------------------------
                  HL-Gap            0.1180373 Eh            3.2120 eV
             Fermi-level           -0.3089157 Eh           -8.4060 eV

     #   Z          covCN         q      C6AA      α(0)
     1   7 N        1.836    -0.217    26.577     7.640
     2   6 C        2.929    -0.010    28.269     8.720
     3   6 C        2.915    -0.038    28.943     8.822
     4   6 C        2.915    -0.038    28.943     8.822
     5   6 C        2.915     0.060    26.644     8.464
     6   6 C        2.915     0.060    26.644     8.464
     7   1 H        0.926     0.034     2.524     2.484
     8   1 H        0.926     0.035     2.512     2.479
     9   1 H        0.926     0.035     2.512     2.479
    10   1 H        0.925     0.039     2.466     2.456
    11   1 H        0.925     0.039     2.467     2.456

 Mol. C6AA /au·bohr⁶  :       1554.631149
 Mol. C8AA /au·bohr⁸  :      37458.566172
 Mol. α(0) /au        :         63.285352


Wiberg/Mayer (AO) data.
largest (>0.10) Wiberg bond orders for each atom

 ---------------------------------------------------------------------------
     #   Z sym  total        # sym  WBO       # sym  WBO       # sym  WBO
 ---------------------------------------------------------------------------
     1   7 N    3.064 --     5 C    1.442     6 C    1.442     2 C    0.104
     2   6 C    3.991 --     3 C    1.443     4 C    1.443     7 H    0.970
                             1 N    0.104
     3   6 C    3.992 --     2 C    1.443     5 C    1.426     8 H    0.971
                             6 C    0.117
     4   6 C    3.992 --     2 C    1.443     6 C    1.426     9 H    0.971
                             5 C    0.117
     5   6 C    3.983 --     1 N    1.442     3 C    1.426    10 H    0.964
                             4 C    0.117
     6   6 C    3.983 --     1 N    1.442     4 C    1.426    11 H    0.964
                             3 C    0.117
     7   1 H    0.999 --     2 C    0.970
     8   1 H    0.999 --     3 C    0.971
     9   1 H    0.999 --     4 C    0.971
    10   1 H    0.999 --     5 C    0.964
    11   1 H    0.999 --     6 C    0.964
 ---------------------------------------------------------------------------

Topologies differ in total number of bonds
Writing topology from bond orders to xtbtopo.mol

molecular dipole:
                 x           y           z       tot (Debye)
 q only:        0.413       0.000       0.000
   full:        0.826       0.000       0.000       2.100
molecular quadrupole (traceless):
                xx          xy          yy          xz          yz          zz
 q only:       -1.107      -0.001       2.408       0.000       0.000      -1.300
  q+dip:       -1.282      -0.001       5.012      -0.000       0.000      -3.730
   full:       -2.883      -0.002       3.950      -0.000      -0.000      -1.067


           -------------------------------------------------
          | TOTAL ENERGY              -16.150108254157 Eh   |
          | GRADIENT NORM               0.000498698684 Eh/α |
          | HOMO-LUMO GAP               3.211959041276 eV   |
           -------------------------------------------------

------------------------------------------------------------------------
 * finished run on 2025/05/30 at 18:32:52.846     
------------------------------------------------------------------------
 total:
 * wall-time:     0 d,  0 h,  0 min,  0.045 sec
 *  cpu-time:     0 d,  0 h,  0 min,  0.099 sec
 * ratio c/w:     2.222 speedup
 SCF:
 * wall-time:     0 d,  0 h,  0 min,  0.012 sec
 *  cpu-time:     0 d,  0 h,  0 min,  0.027 sec
 * ratio c/w:     2.287 speedup

